A million thanks to you.
A quick note to tell you
A World of Good Wishes. One of the real joys this holiday season is the opportunity to say thank you and wish you the very best for the new year
After having received your address from
After having seen your advertisement, I would like
As promised, I am sending you the
As you may already know,
As you probably know,
As you requested, I am enclosing a
As you suggested, I am sending you
Best regards,
Best wishes for a happy holiday season and a happy new year
Best wishes for a happy holiday season and our sincere thanks for your loyalty and goodwill throughout the year
Best wishes for a happy new year filled with health, happiness, and spectacular success
Best Wishes. May every happiness be yours throughout the coming year
Celebrate the spirit of the season
Cheers from Singapore,
Dear Asuka san,
Dear customer,
Dear Mr.Trường,
Dear Mr.Tài,
Deck the halls with boughs of holly, wishing you a holiday so jolly!
Enjoy the rest of your afternoon and Cheers!
Enjoy your work week.
Following our phone conversation,
Good afternoon. Hope you are fine.
Good luck and I look forward to your response.
Good morning. Hope you are doing fine today.
Good morning. Hope you are fine today after a nice weekend.
Good morning. Trust you are doing great today.
Happy holidays and best wishes for a wonderful new year
Happy Holidays and warm wishes for 2017!
Happy Holidays. Wishing you a beautiful holiday season and a new year of peace and happiness
Happy Holidays. Wishing you every happiness this holiday season and through out the coming year
Happy Monday!
Happy New Year. May you soar into the new year filled with health, happiness and prosperity
Have a good week.
Have a pleasant day and Cheers!
Herewith are the documents and Shipping Advice for your kind perusal.
Herewith I am sending you an amended confirmation with the right reference to your PO No.
Herewith I am sending you an amended PO# with the price as your proposal.
Herewith please find the Invoices that cover your PO No.#
Herewith we are pleased to confirm you PO No.#
Herewith we will inform you that all packed and  ready for shipment and can pick-up by tomorrow morning from 8.30 am until 17.00pm
Here’s some information about
Here’s to a season filled with warmth, comfort and good cheer
Holiday cheer and a happy new year
Holiday Wishes. This season, may you be blessed with laughter, peace, and love
Hope everything is fine with you.
hope to get answers from you.
I am sorry for any inconvience this has caused you.
I am sorry for any inconvience.
I am very thankful.
I apologise for any inconvenience caused.
I apologize for any confusion this may have caused.
I appreciate it more then you will ever know.
I appreciate it.
I do appreciate your patience so far.
I do not know how to thank you.
I do not know what I do without you.
I don't have the words to thank you.
I enclose a copy of this report herewith for your information.
I know your time is valuable, so just bear with me another minute.
I owe you big time.
I owe you one.
I will inform you of any developments/progress
I will inform you of any significant developments
I will keep you informed
I will keep you updated
I will report back to you regularly
I'll keep you in the loop.
I'll let you know how it's going
I'm grateful for your assistance.
I'm in your debt.
I'm sorry for any problems I might have caused you.
I'm sorry if I bothered you.
I'm sorry to be such a bother but it's really an urgent case!
I'm sorry to have troubled you.
If you have any questions, please don't hesitate to contact us.
If you require any further information, feel free to contact me.
If you would like any more information, please do not hesitate to contact me on
In answer to your enquiry, I am enclosing information which I hope will be useful to you.
In reply to your letter of
In response to your email,
Joy to the world
Joy! Celebrate the Season
Joy. Best wishes for a holiday season filled with joy
Just to clarify
Just to let you know
Kind regards,
like some information about
look forward to a successful working relationship in the future.
look forward to an opportunity to speak with you personally.
look forward to hearing from you at your earliest convenience.
look forward to hearing from you soon.
look forward to hearing from you.
look forward to meeting you next
look forward to seeing you next
look forward to seeing you.
look forward to welcoming you as our customer.
look forward to your reply.
May songs of joy fill your home with warmth and your heart with happiness this holiday season
May the joy of the holiday be with you in the new year
May the magic and the thrill of the holiday season stretch on
May the magic and the wonder of the holiday season stay with you throughout the coming year
Merry Christmas
My apologies for any trouble I may have caused you with my email while you were busy.
My apologies for inconvenience I may have caused you with my email while you were busy.
My apologies to you for bothering you, and thank you for your kind help.
My gratitude knows no bounds.
My I will provide you with regular updates on our progress.
Noel. Peace and joy a Christmas and throughout the new year
Payment has already been made for Invoice #
Peace on Earth
Peace on Earth. Best wishes for a wonderful holiday season and a new year filled with peace and happiness
Please accept our apologies for this misunderstanding.
Please be advised that
Please contact us again if there are any problems.
Please contact us again if we can help in any way.
Please contact us again if you have any questions.
Please could you give me
Please could you give me the necessary details concerning
Please do not hesitate to contact me if I can be of further assistance.
Please feel free to contact me again if I can be of further assistance.
Please find attached herewith our Purchase Order #
Please find herewith attached your #!
Please get back to me asap.
Please send me
received your address from + and would like
recently wrote to you about
Seasons Greetings. May your holidays be merry and bright
Season’s greetings and warm wishes for a happy new year
Season’s Greetings. In warm appreciation of our association during the past year, we extend our very best wishes for a happy holiday season
Should you need any further information, please do not hesitate to contact me.
Sincerely yours,
Sorry for any inconvenience caused.
Sorry if I caused any trouble.
Sorry if I caused you any trouble.
Suggestions are welcome, thank you.
Thank you and all the best. Cheers!
Thank you and enjoy the rest of your afternoon.
Thank you and enjoy your working day.
Thank you and have a nice working week.
Thank you and have a pleasant day. Cheers!
Thank you for allowing us the privilege of serving you!
Thank you for the e-mail. We appreciate your feedback and will get back to you as soon as possible.
Thank you for your e-mail about
Thank you for your email.
Thank you for your help!
Thank you for your info and wishing you a happy celebration!
Thank you for your kind comments!
Thank you for your letter of
Thank you for your letter regarding
Thank you for your letter!
Thank you for your patience.
Thank you for your time and consideration.
Thank you in advance.
Thank you so much.
Thank you very much for your answers!
Thank you very much for your warm words!
Thank you very much.
Thank you.
Thanks a bunch.
Thanks a million.
Thanks for being so considerate.
Thanks for the prompt response.
Thanks for waiting.
Thanks for your assistance!
Thanks for your kindness.
Thanks for your thoughtfulness.
This should take just another minute, thanks for your patience so far.
To Whom It May Concern:
Warm Holiday Wishes
Warm winter wishes for an enchanted holiday season
Warmest greetings and best wishes for the new year
Warmest greetings of the season and best wishes for happiness in the new year
Warmest thoughts and best wishes for a wonderful holiday and a very happy new year
We accept this price, so could you please send us order confirmation for ensuring customer order on-time delivery? Revised PO will be sent after our manager is back in office!
We apologise for our mistake and we would like to take this opportunity to assure you that it will not happen again.
We are happy to receive you PO and herewith the confirmation of the order.
We are pleased to inform you that #
We are pleased to send you our Confirmation to your above-stated Purchase order.
We have just made a payment on the invoice.
We have just made a payment toward the invoice.
We have just paid the invoice.
We were touched.
We wish you a very Happy Holiday season and a peaceful and prosperous New Year.
We wish you all the warmest of holiday cheers!
Well-received with thanks
We’re very sorry that
Wintry Wishes. May this season bring you the gifts of peace, hope and joy.
Wishing you a beautiful holiday season and a new year of peace and happiness
Wishing you a festive holiday season and a very happy new year
Wishing you a Happy Holiday and a joyful New Year. Best wishes from your friends at ESACO Group.
Wishing you a peaceful and joyous holiday
Wishing you all a happy weekend!
Wishing you all the joys of the season and happiness throughout the coming year.
Wishing you the gift of good cheer this holiday season
Wishing you the gifts of the season — Peace, Joy, Hope
With reference to your email,
With reference to your letter of
With reference to your phone call today,
With regard to your memo,
would appreciate further information on
would appreciate your advice on
would appreciate your immediate attention to this matter.
would be grateful for your advice concerning
would be grateful if this matter could be resolved
would be grateful if you could send me
would like to clarify certain points regarding
would like to take this opportunity to clarify
writing to advise you that
writing to apologize for
writing to confirm
writing to enquire about
writing to explain
writing to inform you that
writing to you in response to your advertisement for
writing with reference to your enquiry.
You are great.
You are the best.
You saved my day.
You saved my life.
You're a dear.
You've been patient so far, and this should take just another minute.
Your a life saver.
Your prompt reply is very much appreciated
Yours faithfuly,
You’re an angel.
You’re too kind.